This is pdfTeX, Version 3.141592653-2.6-1.40.29 (MiKTeX 26.5) (preloaded format=pdflatex 2026.9.2)  4 SEP 2026 02:22
entering extended mode
 restricted \write18 enabled.
 %&-line parsing enabled.
**./swpl_proof.tex
(swpl_proof.tex
LaTeX2e <2026-06-01>
L3 programming layer <2026-08-10>
(C:\Program Files\MiKTeX\tex/latex/base\article.cls
Document Class: article 2025/01/22 v1.4n Standard LaTeX document class
(C:\Program Files\MiKTeX\tex/latex/base\size11.clo
File: size11.clo 2025/01/22 v1.4n Standard LaTeX file (size option)
)
\c@part=\count276
\c@section=\count277
\c@subsection=\count278
\c@subsubsection=\count279
\c@paragraph=\count280
\c@subparagraph=\count281
\c@figure=\count282
\c@table=\count283
\abovecaptionskip=\skip49
\belowcaptionskip=\skip50
\bibindent=\dimen150
)
(C:\Program Files\MiKTeX\tex/latex/amsmath\amsmath.sty
Package: amsmath 2026/05/19 v2.18d AMS math features
\@mathmargin=\skip51

For additional information on amsmath, use the `?' option.
(C:\Program Files\MiKTeX\tex/latex/amsmath\amstext.sty
Package: amstext 2024/11/17 v2.01 AMS text

(C:\Program Files\MiKTeX\tex/latex/amsmath\amsgen.sty
File: amsgen.sty 1999/11/30 v2.0 generic functions
\@emptytoks=\toks17
\ex@=\dimen151
))
(C:\Program Files\MiKTeX\tex/latex/amsmath\amsbsy.sty
Package: amsbsy 1999/11/29 v1.2d Bold Symbols
\pmbraise@=\dimen152
)
(C:\Program Files\MiKTeX\tex/latex/amsmath\amsopn.sty
Package: amsopn 2022/04/08 v2.04 operator names
)
\inf@bad=\count284
LaTeX Info: Redefining \frac on input line 233.
\uproot@=\count285
\leftroot@=\count286
LaTeX Info: Redefining \overline on input line 398.
LaTeX Info: Redefining \colon on input line 409.
\classnum@=\count287
\DOTSCASE@=\count288
LaTeX Info: Redefining \ldots on input line 495.
LaTeX Info: Redefining \dots on input line 498.
LaTeX Info: Redefining \cdots on input line 619.
\Mathstrutbox@=\box53
\strutbox@=\box54
LaTeX Info: Redefining \big on input line 721.
LaTeX Info: Redefining \Big on input line 722.
LaTeX Info: Redefining \bigg on input line 723.
LaTeX Info: Redefining \Bigg on input line 724.
\big@size=\dimen153
LaTeX Font Info:    Redeclaring font encoding OML on input line 742.
LaTeX Font Info:    Redeclaring font encoding OMS on input line 743.
\macc@depth=\count289
LaTeX Info: Redefining \bmod on input line 904.
LaTeX Info: Redefining \pmod on input line 909.
LaTeX Info: Redefining \smash on input line 939.
LaTeX Info: Redefining \relbar on input line 969.
LaTeX Info: Redefining \Relbar on input line 970.
\c@MaxMatrixCols=\count290
\dotsspace@=\muskip17
\c@parentequation=\count291
\dspbrk@lvl=\count292
\tag@help=\toks18
\row@=\count293
\column@=\count294
\maxfields@=\count295
\andhelp@=\toks19
\eqnshift@=\dimen154
\alignsep@=\dimen155
\tagshift@=\dimen156
\tagwidth@=\dimen157
\totwidth@=\dimen158
\lineht@=\dimen159
\@envbody=\toks20
\multlinegap=\skip52
\multlinetaggap=\skip53
\mathdisplay@stack=\toks21
LaTeX Info: Redefining \[ on input line 2965.
LaTeX Info: Redefining \] on input line 2966.
)
(C:\Program Files\MiKTeX\tex/latex/amsfonts\amssymb.sty
Package: amssymb 2013/01/14 v3.01 AMS font symbols

(C:\Program Files\MiKTeX\tex/latex/amsfonts\amsfonts.sty
Package: amsfonts 2013/01/14 v3.01 Basic AMSFonts support
\symAMSa=\mathgroup4
\symAMSb=\mathgroup5
LaTeX Font Info:    Redeclaring math symbol \hbar on input line 98.
LaTeX Font Info:    Overwriting math alphabet `\mathfrak' in version `bold'
(Font)                  U/euf/m/n --> U/euf/b/n on input line 106.
))
(C:\Users\china\AppData\Roaming\MiKTeX\tex/latex/amscls\amsthm.sty
Package: amsthm 2020/05/29 v2.20.6
\thm@style=\toks22
\thm@bodyfont=\toks23
\thm@headfont=\toks24
\thm@notefont=\toks25
\thm@headpunct=\toks26
\thm@preskip=\skip54
\thm@postskip=\skip55
\thm@headsep=\skip56
\dth@everypar=\toks27
)
(C:\Users\china\AppData\Roaming\MiKTeX\tex/latex/preprint\fullpage.sty
Package: fullpage 1999/02/23 1.1 (PWD)
\FP@margin=\skip57
)
(C:\Program Files\MiKTeX\tex/latex/hyperref\hyperref.sty
Package: hyperref 2026-06-17 v7.01r Hypertext links for LaTeX

(C:\Program Files\MiKTeX\tex/generic/iftex\iftex.sty
Package: iftex 2024/12/12 v1.0g TeX engine tests
)
(C:\Program Files\MiKTeX\tex/latex/graphics\keyval.sty
Package: keyval 2026-05-17 v1.15 key=value parser (DPC)
\KV@toks@=\toks28
)
(C:\Users\china\AppData\Roaming\MiKTeX\tex/latex/kvsetkeys\kvsetkeys.sty
Package: kvsetkeys 2022-10-05 v1.19 Key value parser (HO)
)
(C:\Users\china\AppData\Roaming\MiKTeX\tex/generic/kvdefinekeys\kvdefinekeys.st
y
Package: kvdefinekeys 2019-12-19 v1.6 Define keys (HO)
) (C:\Users\china\AppData\Roaming\MiKTeX\tex/generic/pdfescape\pdfescape.sty
Package: pdfescape 2019/12/09 v1.15 Implements pdfTeX's escape features (HO)

(C:\Users\china\AppData\Roaming\MiKTeX\tex/generic/ltxcmds\ltxcmds.sty
Package: ltxcmds 2023-12-04 v1.26 LaTeX kernel commands for general use (HO)
)
(C:\Program Files\MiKTeX\tex/generic/pdftexcmds\pdftexcmds.sty
Package: pdftexcmds 2020-06-27 v0.33 Utility functions of pdfTeX for LuaTeX (HO
)

(C:\Users\china\AppData\Roaming\MiKTeX\tex/generic/infwarerr\infwarerr.sty
Package: infwarerr 2019/12/03 v1.5 Providing info/warning/error messages (HO)
)
Package pdftexcmds Info: \pdf@primitive is available.
Package pdftexcmds Info: \pdf@ifprimitive is available.
Package pdftexcmds Info: \pdfdraftmode found.
))
(C:\Users\china\AppData\Roaming\MiKTeX\tex/latex/hycolor\hycolor.sty
Package: hycolor 2020-01-27 v1.10 Color options for hyperref/bookmark (HO)
)
(C:\Program Files\MiKTeX\tex/latex/hyperref\nameref.sty
Package: nameref 2026-01-29 v2.58 Cross-referencing by name of section

(C:\Users\china\AppData\Roaming\MiKTeX\tex/latex/refcount\refcount.sty
Package: refcount 2019/12/15 v3.6 Data extraction from label references (HO)
)
(C:\Users\china\AppData\Roaming\MiKTeX\tex/generic/gettitlestring\gettitlestrin
g.sty
Package: gettitlestring 2019/12/15 v1.6 Cleanup title references (HO)
 (C:\Users\china\AppData\Roaming\MiKTeX\tex/latex/kvoptions\kvoptions.sty
Package: kvoptions 2022-06-15 v3.15 Key value format for package options (HO)
))
\c@section@level=\count296
) (C:\Program Files\MiKTeX\tex/latex/etoolbox\etoolbox.sty
Package: etoolbox 2025/10/02 v2.5m e-TeX tools for LaTeX (JAW)
\etb@tempcnta=\count297
)
(C:\Users\china\AppData\Roaming\MiKTeX\tex/generic/stringenc\stringenc.sty
Package: stringenc 2019/11/29 v1.12 Convert strings between diff. encodings (HO
)
)
\@linkdim=\dimen160
\Hy@linkcounter=\count298
\Hy@pagecounter=\count299

(C:\Program Files\MiKTeX\tex/latex/hyperref\pd1enc.def
File: pd1enc.def 2026-06-17 v7.01r Hyperref: PDFDocEncoding definition (HO)
Now handling font encoding PD1 ...
... no UTF-8 mapping file for font encoding PD1
)
(C:\Users\china\AppData\Roaming\MiKTeX\tex/generic/intcalc\intcalc.sty
Package: intcalc 2019/12/15 v1.3 Expandable calculations with integers (HO)
)
\Hy@SavedSpaceFactor=\count300

(C:\Program Files\MiKTeX\tex/latex/hyperref\puenc.def
File: puenc.def 2026-06-17 v7.01r Hyperref: PDF Unicode definition (HO)
Now handling font encoding PU ...
... no UTF-8 mapping file for font encoding PU
)
Package hyperref Info: Hyper figures OFF on input line 4199.
Package hyperref Info: Link nesting OFF on input line 4204.
Package hyperref Info: Hyper index ON on input line 4207.
Package hyperref Info: Plain pages OFF on input line 4214.
Package hyperref Info: Backreferencing OFF on input line 4219.
Package hyperref Info: Implicit mode ON; LaTeX internals redefined.
Package hyperref Info: Bookmarks ON on input line 4466.
\c@Hy@tempcnt=\count301

(C:\Program Files\MiKTeX\tex/latex/url\url.sty
\Urlmuskip=\muskip18
Package: url 2013/09/16  ver 3.4  Verb mode for urls, etc.
)
LaTeX Info: Redefining \url on input line 4805.
\XeTeXLinkMargin=\dimen161

(C:\Users\china\AppData\Roaming\MiKTeX\tex/generic/bitset\bitset.sty
Package: bitset 2019/12/09 v1.3 Handle bit-vector datatype (HO)

(C:\Users\china\AppData\Roaming\MiKTeX\tex/generic/bigintcalc\bigintcalc.sty
Package: bigintcalc 2019/12/15 v1.5 Expandable calculations on big integers (HO
)
))
\Fld@menulength=\count302
\Field@Width=\dimen162
\Fld@charsize=\dimen163
Package hyperref Info: Hyper figures OFF on input line 6091.
Package hyperref Info: Link nesting OFF on input line 6096.
Package hyperref Info: Hyper index ON on input line 6099.
Package hyperref Info: backreferencing OFF on input line 6106.
Package hyperref Info: Link coloring OFF on input line 6111.
Package hyperref Info: Link coloring with OCG OFF on input line 6116.
Package hyperref Info: PDF/A mode OFF on input line 6121.
\Hy@abspage=\count303
\c@Item=\count304
\c@Hfootnote=\count305
)
Package hyperref Info: Driver (autodetected): hpdftex.
(C:\Program Files\MiKTeX\tex/latex/hyperref\hpdftex.def
File: hpdftex.def 2026-06-17 v7.01r Hyperref driver for pdfTeX
\Fld@listcount=\count306
\c@bookmark@seq@number=\count307

(C:\Users\china\AppData\Roaming\MiKTeX\tex/latex/rerunfilecheck\rerunfilecheck.
sty
Package: rerunfilecheck 2025-06-21 v1.11 Rerun checks for auxiliary files (HO)

(C:\Users\china\AppData\Roaming\MiKTeX\tex/generic/uniquecounter\uniquecounter.
sty
Package: uniquecounter 2019/12/15 v1.4 Provide unlimited unique counter (HO)
)
Package uniquecounter Info: New unique counter `rerunfilecheck' on input line 2
84.
)
\Hy@SectionHShift=\skip58
)
\c@theorem=\count308
 (C:\Program Files\MiKTeX\tex/latex/l3kernel\l3backend-pdftex.def
File: l3backend-pdftex.def 2026-08-10 L3 backend support: PDF output (pdfTeX)
\l__color_backend_stack_int=\count309
)
No file swpl_proof.aux.
\openout1 = `swpl_proof.aux'.

LaTeX Font Info:    Checking defaults for OML/cmm/m/it on input line 28.
LaTeX Font Info:    ... okay on input line 28.
LaTeX Font Info:    Checking defaults for OMS/cmsy/m/n on input line 28.
LaTeX Font Info:    ... okay on input line 28.
LaTeX Font Info:    Checking defaults for OT1/cmr/m/n on input line 28.
LaTeX Font Info:    ... okay on input line 28.
LaTeX Font Info:    Checking defaults for T1/cmr/m/n on input line 28.
LaTeX Font Info:    ... okay on input line 28.
LaTeX Font Info:    Checking defaults for TS1/cmr/m/n on input line 28.
LaTeX Font Info:    ... okay on input line 28.
LaTeX Font Info:    Checking defaults for OMX/cmex/m/n on input line 28.
LaTeX Font Info:    ... okay on input line 28.
LaTeX Font Info:    Checking defaults for U/cmr/m/n on input line 28.
LaTeX Font Info:    ... okay on input line 28.
LaTeX Font Info:    Checking defaults for PD1/pdf/m/n on input line 28.
LaTeX Font Info:    ... okay on input line 28.
LaTeX Font Info:    Checking defaults for PU/pdf/m/n on input line 28.
LaTeX Font Info:    ... okay on input line 28.
Package hyperref Info: Link coloring OFF on input line 28.
\@outlinefile=\write3
\openout3 = `swpl_proof.out'.


! LaTeX Error: Unicode character ζ (U+03B6)
               not set up for use with LaTeX.

See the LaTeX manual or LaTeX Companion for explanation.
Type  H <return>  for immediate help.
 ...                                              
                                                  
l.31 
     
You may provide a definition with
\DeclareUnicodeCharacter 

LaTeX Font Info:    Trying to load font information for U+msa on input line 34.

(C:\Program Files\MiKTeX\tex/latex/amsfonts\umsa.fd
File: umsa.fd 2013/01/14 v3.01 AMS symbols A
)
LaTeX Font Info:    Trying to load font information for U+msb on input line 34.


(C:\Program Files\MiKTeX\tex/latex/amsfonts\umsb.fd
File: umsb.fd 2013/01/14 v3.01 AMS symbols B
)
! Missing { inserted.
<to be read again> 
                   \begingroup 
l.35 ...ha>1$, the cost is bounded by $\log_b M_δ
                                                  $,
A left brace was mandatory here, so I've put one in.
You might want to delete and/or insert some corrections
so that I will find a matching right brace soon.
(If you're confused by all this, try typing `I}' now.)


! LaTeX Error: Unicode character δ (U+03B4)
               not set up for use with LaTeX.

See the LaTeX manual or LaTeX Companion for explanation.
Type  H <return>  for immediate help.
 ...                                              
                                                  
l.35 ...ha>1$, the cost is bounded by $\log_b M_δ
                                                  $,
You may provide a definition with
\DeclareUnicodeCharacter 

! Missing } inserted.
<inserted text> 
                }
l.35 ...a>1$, the cost is bounded by $\log_b M_δ$
                                                  ,
I've inserted something that you may have forgotten.
(See the <inserted text> above.)
With luck, this will get me unwedged. But if you
really didn't forget anything, try typing `2' now; then
my insertion and my current dilemma will both disappear.

! Missing { inserted.
<to be read again> 
                   \begingroup 
l.36 where $M_δ
                $ is the hot-set size covering $1-δ$ of accesses, and this ...
A left brace was mandatory here, so I've put one in.
You might want to delete and/or insert some corrections
so that I will find a matching right brace soon.
(If you're confused by all this, try typing `I}' now.)


! LaTeX Error: Unicode character δ (U+03B4)
               not set up for use with LaTeX.

See the LaTeX manual or LaTeX Companion for explanation.
Type  H <return>  for immediate help.
 ...                                              
                                                  
l.36 where $M_δ
                $ is the hot-set size covering $1-δ$ of accesses, and this ...

You may provide a definition with
\DeclareUnicodeCharacter 

! Missing } inserted.
<inserted text> 
                }
l.36 where $M_δ$
                  is the hot-set size covering $1-δ$ of accesses, and this ...
I've inserted something that you may have forgotten.
(See the <inserted text> above.)
With luck, this will get me unwedged. But if you
really didn't forget anything, try typing `2' now; then
my insertion and my current dilemma will both disappear.


! LaTeX Error: Unicode character δ (U+03B4)
               not set up for use with LaTeX.

See the LaTeX manual or LaTeX Companion for explanation.
Type  H <return>  for immediate help.
 ...                                              
                                                  
l.36 ... $M_δ$ is the hot-set size covering $1-δ
                                                  $ of accesses, and this bound

You may provide a definition with
\DeclareUnicodeCharacter 


LaTeX Warning: Citation `sleator85' on page 1 undefined on input line 47.


LaTeX Warning: Reference `thm:lower' on page 1 undefined on input line 56.

! Missing { inserted.
<to be read again> 
                   \begingroup 
l.58         search cost $\Omega(\log_b M_δ
                                            )$, where $M_δ$ satisfies
A left brace was mandatory here, so I've put one in.
You might want to delete and/or insert some corrections
so that I will find a matching right brace soon.
(If you're confused by all this, try typing `I}' now.)


! LaTeX Error: Unicode character δ (U+03B4)
               not set up for use with LaTeX.

See the LaTeX manual or LaTeX Companion for explanation.
Type  H <return>  for immediate help.
 ...                                              
                                                  
l.58         search cost $\Omega(\log_b M_δ
                                            )$, where $M_δ$ satisfies
You may provide a definition with
\DeclareUnicodeCharacter 

! Missing } inserted.
<inserted text> 
                }
l.58         search cost $\Omega(\log_b M_δ)$
                                              , where $M_δ$ satisfies
I've inserted something that you may have forgotten.
(See the <inserted text> above.)
With luck, this will get me unwedged. But if you
really didn't forget anything, try typing `2' now; then
my insertion and my current dilemma will both disappear.

! Missing { inserted.
<to be read again> 
                   \begingroup 
l.58 ...ch cost $\Omega(\log_b M_δ)$, where $M_δ
                                                  $ satisfies
A left brace was mandatory here, so I've put one in.
You might want to delete and/or insert some corrections
so that I will find a matching right brace soon.
(If you're confused by all this, try typing `I}' now.)


! LaTeX Error: Unicode character δ (U+03B4)
               not set up for use with LaTeX.

See the LaTeX manual or LaTeX Companion for explanation.
Type  H <return>  for immediate help.
 ...                                              
                                                  
l.58 ...ch cost $\Omega(\log_b M_δ)$, where $M_δ
                                                  $ satisfies
You may provide a definition with
\DeclareUnicodeCharacter 

! Missing } inserted.
<inserted text> 
                }
l.58 ...h cost $\Omega(\log_b M_δ)$, where $M_δ$
                                                   satisfies
I've inserted something that you may have forgotten.
(See the <inserted text> above.)
With luck, this will get me unwedged. But if you
really didn't forget anything, try typing `2' now; then
my insertion and my current dilemma will both disappear.

! Missing { inserted.
<to be read again> 
                   \begingroup 
l.59         $M_δ
                   = \Theta(δ^{-1/(\alpha-1)})$ for $\alpha>1$.
A left brace was mandatory here, so I've put one in.
You might want to delete and/or insert some corrections
so that I will find a matching right brace soon.
(If you're confused by all this, try typing `I}' now.)


! LaTeX Error: Unicode character δ (U+03B4)
               not set up for use with LaTeX.

See the LaTeX manual or LaTeX Companion for explanation.
Type  H <return>  for immediate help.
 ...                                              
                                                  
l.59         $M_δ
                   = \Theta(δ^{-1/(\alpha-1)})$ for $\alpha>1$.
You may provide a definition with
\DeclareUnicodeCharacter 


! LaTeX Error: Unicode character δ (U+03B4)
               not set up for use with LaTeX.

See the LaTeX manual or LaTeX Companion for explanation.
Type  H <return>  for immediate help.
 ...                                              
                                                  
l.59         $M_δ = \Theta(δ
                              ^{-1/(\alpha-1)})$ for $\alpha>1$.
You may provide a definition with
\DeclareUnicodeCharacter 

! Missing } inserted.
<inserted text> 
                }
l.59         $M_δ = \Theta(δ^{-1/(\alpha-1)})$
                                                 for $\alpha>1$.
I've inserted something that you may have forgotten.
(See the <inserted text> above.)
With luck, this will get me unwedged. But if you
really didn't forget anything, try typing `2' now; then
my insertion and my current dilemma will both disappear.


LaTeX Warning: Reference `thm:zeta' on page 1 undefined on input line 60.

! Missing { inserted.
<to be read again> 
                   \begingroup 
l.61         expected search cost $O(\log_b M_δ
                                                )$, matching the lower bound.
A left brace was mandatory here, so I've put one in.
You might want to delete and/or insert some corrections
so that I will find a matching right brace soon.
(If you're confused by all this, try typing `I}' now.)


! LaTeX Error: Unicode character δ (U+03B4)
               not set up for use with LaTeX.

See the LaTeX manual or LaTeX Companion for explanation.
Type  H <return>  for immediate help.
 ...                                              
                                                  
l.61         expected search cost $O(\log_b M_δ
                                                )$, matching the lower bound.
You may provide a definition with
\DeclareUnicodeCharacter 

! Missing } inserted.
<inserted text> 
                }
l.61         expected search cost $O(\log_b M_δ)$
                                                  , matching the lower bound.
I've inserted something that you may have forgotten.
(See the <inserted text> above.)
With luck, this will get me unwedged. But if you
really didn't forget anything, try typing `2' now; then
my insertion and my current dilemma will both disappear.


LaTeX Warning: Reference `thm:phase' on page 1 undefined on input line 62.

[1

{C:/Users/china/AppData/Local/MiKTeX/fonts/map/pdftex/pdftex.map}]

! LaTeX Error: Unicode character δ (U+03B4)
               not set up for use with LaTeX.

See the LaTeX manual or LaTeX Companion for explanation.
Type  H <return>  for immediate help.
 ...                                              
                                                  
l.84 For a coverage parameter $δ
                                 \in(0,1)$, the hot set $H_δ$ is the smalle...

You may provide a definition with
\DeclareUnicodeCharacter 

! Missing { inserted.
<to be read again> 
                   \begingroup 
l.84 ... parameter $δ\in(0,1)$, the hot set $H_δ
                                                  $ is the smallest set of
A left brace was mandatory here, so I've put one in.
You might want to delete and/or insert some corrections
so that I will find a matching right brace soon.
(If you're confused by all this, try typing `I}' now.)


! LaTeX Error: Unicode character δ (U+03B4)
               not set up for use with LaTeX.

See the LaTeX manual or LaTeX Companion for explanation.
Type  H <return>  for immediate help.
 ...                                              
                                                  
l.84 ... parameter $δ\in(0,1)$, the hot set $H_δ
                                                  $ is the smallest set of
You may provide a definition with
\DeclareUnicodeCharacter 

! Missing } inserted.
<inserted text> 
                }
l.84 ...parameter $δ\in(0,1)$, the hot set $H_δ$
                                                   is the smallest set of
I've inserted something that you may have forgotten.
(See the <inserted text> above.)
With luck, this will get me unwedged. But if you
really didn't forget anything, try typing `2' now; then
my insertion and my current dilemma will both disappear.

! Missing { inserted.
<to be read again> 
                   \begingroup 
l.85 keys such that $\Prob(X\in H_δ
                                    ) \ge 1-δ$.
A left brace was mandatory here, so I've put one in.
You might want to delete and/or insert some corrections
so that I will find a matching right brace soon.
(If you're confused by all this, try typing `I}' now.)


! LaTeX Error: Unicode character δ (U+03B4)
               not set up for use with LaTeX.

See the LaTeX manual or LaTeX Companion for explanation.
Type  H <return>  for immediate help.
 ...                                              
                                                  
l.85 keys such that $\Prob(X\in H_δ
                                    ) \ge 1-δ$.
You may provide a definition with
\DeclareUnicodeCharacter 


! LaTeX Error: Unicode character δ (U+03B4)
               not set up for use with LaTeX.

See the LaTeX manual or LaTeX Companion for explanation.
Type  H <return>  for immediate help.
 ...                                              
                                                  
l.85 keys such that $\Prob(X\in H_δ) \ge 1-δ
                                              $.
You may provide a definition with
\DeclareUnicodeCharacter 

! Missing } inserted.
<inserted text> 
                }
l.85 keys such that $\Prob(X\in H_δ) \ge 1-δ$
                                               .
I've inserted something that you may have forgotten.
(See the <inserted text> above.)
With luck, this will get me unwedged. But if you
really didn't forget anything, try typing `2' now; then
my insertion and my current dilemma will both disappear.

! Missing { inserted.
<to be read again> 
                   \begingroup 
l.92 |H_δ
          | = \Theta\bigl(δ^{-1/(\alpha-1)}\bigr).
A left brace was mandatory here, so I've put one in.
You might want to delete and/or insert some corrections
so that I will find a matching right brace soon.
(If you're confused by all this, try typing `I}' now.)


! LaTeX Error: Unicode character δ (U+03B4)
               not set up for use with LaTeX.

See the LaTeX manual or LaTeX Companion for explanation.
Type  H <return>  for immediate help.
 ...                                              
                                                  
l.92 |H_δ
          | = \Theta\bigl(δ^{-1/(\alpha-1)}\bigr).
You may provide a definition with
\DeclareUnicodeCharacter 


! LaTeX Error: Unicode character δ (U+03B4)
               not set up for use with LaTeX.

See the LaTeX manual or LaTeX Companion for explanation.
Type  H <return>  for immediate help.
 ...                                              
                                                  
l.92 |H_δ| = \Theta\bigl(δ
                            ^{-1/(\alpha-1)}\bigr).
You may provide a definition with
\DeclareUnicodeCharacter 

! Missing } inserted.
<inserted text> 
                }
l.93 \]
       
I've inserted something that you may have forgotten.
(See the <inserted text> above.)
With luck, this will get me unwedged. But if you
really didn't forget anything, try typing `2' now; then
my insertion and my current dilemma will both disappear.

! Missing { inserted.
<to be read again> 
                   \begingroup 
l.94 For $\alpha\le1$, $|H_δ
                             | = \Theta(n)$ for any $δ<1-1/\log n$.
A left brace was mandatory here, so I've put one in.
You might want to delete and/or insert some corrections
so that I will find a matching right brace soon.
(If you're confused by all this, try typing `I}' now.)


! LaTeX Error: Unicode character δ (U+03B4)
               not set up for use with LaTeX.

See the LaTeX manual or LaTeX Companion for explanation.
Type  H <return>  for immediate help.
 ...                                              
                                                  
l.94 For $\alpha\le1$, $|H_δ
                             | = \Theta(n)$ for any $δ<1-1/\log n$.
You may provide a definition with
\DeclareUnicodeCharacter 

! Missing } inserted.
<inserted text> 
                }
l.94 For $\alpha\le1$, $|H_δ| = \Theta(n)$
                                            for any $δ<1-1/\log n$.
I've inserted something that you may have forgotten.
(See the <inserted text> above.)
With luck, this will get me unwedged. But if you
really didn't forget anything, try typing `2' now; then
my insertion and my current dilemma will both disappear.


! LaTeX Error: Unicode character δ (U+03B4)
               not set up for use with LaTeX.

See the LaTeX manual or LaTeX Companion for explanation.
Type  H <return>  for immediate help.
 ...                                              
                                                  
l.94 ...pha\le1$, $|H_δ| = \Theta(n)$ for any $δ
                                                  <1-1/\log n$.
You may provide a definition with
\DeclareUnicodeCharacter 

! Missing { inserted.
<to be read again> 
                   \begingroup 
l.98 Let $M = |H_δ
                   |$.  The tail probability is
A left brace was mandatory here, so I've put one in.
You might want to delete and/or insert some corrections
so that I will find a matching right brace soon.
(If you're confused by all this, try typing `I}' now.)


! LaTeX Error: Unicode character δ (U+03B4)
               not set up for use with LaTeX.

See the LaTeX manual or LaTeX Companion for explanation.
Type  H <return>  for immediate help.
 ...                                              
                                                  
l.98 Let $M = |H_δ
                   |$.  The tail probability is
You may provide a definition with
\DeclareUnicodeCharacter 

! Missing } inserted.
<inserted text> 
                }
l.98 Let $M = |H_δ|$
                     .  The tail probability is
I've inserted something that you may have forgotten.
(See the <inserted text> above.)
With luck, this will get me unwedged. But if you
really didn't forget anything, try typing `2' now; then
my insertion and my current dilemma will both disappear.


! LaTeX Error: Unicode character δ (U+03B4)
               not set up for use with LaTeX.

See the LaTeX manual or LaTeX Companion for explanation.
Type  H <return>  for immediate help.
 ...                                              
                                                  
l.105 Setting this equal to $δ
                               $ and solving gives
You may provide a definition with
\DeclareUnicodeCharacter 


! LaTeX Error: Unicode character δ (U+03B4)
               not set up for use with LaTeX.

See the LaTeX manual or LaTeX Companion for explanation.
Type  H <return>  for immediate help.
 ...                                              
                                                  
l.107 M = \bigl[δ
                  (\alpha-1)\Zeta(\alpha)\bigr]^{-1/(\alpha-1)}.
You may provide a definition with
\DeclareUnicodeCharacter 


! LaTeX Error: Unicode character δ (U+03B4)
               not set up for use with LaTeX.

See the LaTeX manual or LaTeX Companion for explanation.
Type  H <return>  for immediate help.
 ...                                              
                                                  
l.118 access, $n$ large.  For any $δ
                                     >0$, the expected search cost satisfies
You may provide a definition with
\DeclareUnicodeCharacter 

! Missing { inserted.
<to be read again> 
                   \begingroup 
l.122 \Omega(\log_b M_δ
                        ), & \alpha > 1 + o(1),\\[4pt]
A left brace was mandatory here, so I've put one in.
You might want to delete and/or insert some corrections
so that I will find a matching right brace soon.
(If you're confused by all this, try typing `I}' now.)


! LaTeX Error: Unicode character δ (U+03B4)
               not set up for use with LaTeX.

See the LaTeX manual or LaTeX Companion for explanation.
Type  H <return>  for immediate help.
 ...                                              
                                                  
l.122 \Omega(\log_b M_δ
                        ), & \alpha > 1 + o(1),\\[4pt]
You may provide a definition with
\DeclareUnicodeCharacter 

! Missing } inserted.
<inserted text> 
                }
l.122 \Omega(\log_b M_δ), &
                             \alpha > 1 + o(1),\\[4pt]
I've put in what seems to be necessary to fix
the current column of the current alignment.
Try to go on, since this might almost work.

! Missing { inserted.
<to be read again> 
                   \begingroup 
l.127 and $M_δ
               $ is the hot-set size from Lemma~\ref{lem:hot}.
A left brace was mandatory here, so I've put one in.
You might want to delete and/or insert some corrections
so that I will find a matching right brace soon.
(If you're confused by all this, try typing `I}' now.)


! LaTeX Error: Unicode character δ (U+03B4)
               not set up for use with LaTeX.

See the LaTeX manual or LaTeX Companion for explanation.
Type  H <return>  for immediate help.
 ...                                              
                                                  
l.127 and $M_δ
               $ is the hot-set size from Lemma~\ref{lem:hot}.
You may provide a definition with
\DeclareUnicodeCharacter 

! Missing } inserted.
<inserted text> 
                }
l.127 and $M_δ$
                 is the hot-set size from Lemma~\ref{lem:hot}.
I've inserted something that you may have forgotten.
(See the <inserted text> above.)
With luck, this will get me unwedged. But if you
really didn't forget anything, try typing `2' now; then
my insertion and my current dilemma will both disappear.


LaTeX Warning: Reference `lem:hot' on page 2 undefined on input line 127.

! Missing { inserted.
<to be read again> 
                   \begingroup 
l.133 To locate a key in the hot set $H_δ
                                          $, the tree must distinguish $|H_δ|$
A left brace was mandatory here, so I've put one in.
You might want to delete and/or insert some corrections
so that I will find a matching right brace soon.
(If you're confused by all this, try typing `I}' now.)


! LaTeX Error: Unicode character δ (U+03B4)
               not set up for use with LaTeX.

See the LaTeX manual or LaTeX Companion for explanation.
Type  H <return>  for immediate help.
 ...                                              
                                                  
l.133 To locate a key in the hot set $H_δ
                                          $, the tree must distinguish $|H_δ|$

You may provide a definition with
\DeclareUnicodeCharacter 

! Missing } inserted.
<inserted text> 
                }
l.133 To locate a key in the hot set $H_δ$
                                           , the tree must distinguish $|H_δ|$
I've inserted something that you may have forgotten.
(See the <inserted text> above.)
With luck, this will get me unwedged. But if you
really didn't forget anything, try typing `2' now; then
my insertion and my current dilemma will both disappear.

! Missing { inserted.
<to be read again> 
                   \begingroup 
l.133 ... $H_δ$, the tree must distinguish $|H_δ
                                                  |$
A left brace was mandatory here, so I've put one in.
You might want to delete and/or insert some corrections
so that I will find a matching right brace soon.
(If you're confused by all this, try typing `I}' now.)


! LaTeX Error: Unicode character δ (U+03B4)
               not set up for use with LaTeX.

See the LaTeX manual or LaTeX Companion for explanation.
Type  H <return>  for immediate help.
 ...                                              
                                                  
l.133 ... $H_δ$, the tree must distinguish $|H_δ
                                                  |$
You may provide a definition with
\DeclareUnicodeCharacter 

! Missing } inserted.
<inserted text> 
                }
l.133 ...H_δ$, the tree must distinguish $|H_δ|$
                                                  
I've inserted something that you may have forgotten.
(See the <inserted text> above.)
With luck, this will get me unwedged. But if you
really didn't forget anything, try typing `2' now; then
my insertion and my current dilemma will both disappear.

! Missing { inserted.
<to be read again> 
                   \begingroup 
l.136 h \ge \log_b |H_δ
                        |.
A left brace was mandatory here, so I've put one in.
You might want to delete and/or insert some corrections
so that I will find a matching right brace soon.
(If you're confused by all this, try typing `I}' now.)


! LaTeX Error: Unicode character δ (U+03B4)
               not set up for use with LaTeX.

See the LaTeX manual or LaTeX Companion for explanation.
Type  H <return>  for immediate help.
 ...                                              
                                                  
l.136 h \ge \log_b |H_δ
                        |.
You may provide a definition with
\DeclareUnicodeCharacter 

! Missing } inserted.
<inserted text> 
                }
l.137 \]
        
I've inserted something that you may have forgotten.
(See the <inserted text> above.)
With luck, this will get me unwedged. But if you
really didn't forget anything, try typing `2' now; then
my insertion and my current dilemma will both disappear.


! LaTeX Error: Unicode character δ (U+03B4)
               not set up for use with LaTeX.

See the LaTeX manual or LaTeX Companion for explanation.
Type  H <return>  for immediate help.
 ...                                              
                                                  
l.141 \E[\text{cost}] \ge (1-δ
                               ) \cdot \min_{k\in H_δ} \text{cost}(k)
You may provide a definition with
\DeclareUnicodeCharacter 

! Missing { inserted.
<to be read again> 
                   \begingroup 
l.141 ...t{cost}] \ge (1-δ) \cdot \min_{k\in H_δ
                                                  } \text{cost}(k)
A left brace was mandatory here, so I've put one in.
You might want to delete and/or insert some corrections
so that I will find a matching right brace soon.
(If you're confused by all this, try typing `I}' now.)


! LaTeX Error: Unicode character δ (U+03B4)
               not set up for use with LaTeX.

See the LaTeX manual or LaTeX Companion for explanation.
Type  H <return>  for immediate help.
 ...                                              
                                                  
l.141 ...t{cost}] \ge (1-δ) \cdot \min_{k\in H_δ
                                                  } \text{cost}(k)
You may provide a definition with
\DeclareUnicodeCharacter 


! LaTeX Error: Unicode character δ (U+03B4)
               not set up for use with LaTeX.

See the LaTeX manual or LaTeX Companion for explanation.
Type  H <return>  for immediate help.
 ...                                              
                                                  
l.142 \ge (1-δ
               ) \cdot \log_b |H_δ|.
You may provide a definition with
\DeclareUnicodeCharacter 

! Missing { inserted.
<to be read again> 
                   \begingroup 
l.142 \ge (1-δ) \cdot \log_b |H_δ
                                   |.
A left brace was mandatory here, so I've put one in.
You might want to delete and/or insert some corrections
so that I will find a matching right brace soon.
(If you're confused by all this, try typing `I}' now.)


! LaTeX Error: Unicode character δ (U+03B4)
               not set up for use with LaTeX.

See the LaTeX manual or LaTeX Companion for explanation.
Type  H <return>  for immediate help.
 ...                                              
                                                  
l.142 \ge (1-δ) \cdot \log_b |H_δ
                                   |.
You may provide a definition with
\DeclareUnicodeCharacter 

! Missing } inserted.
<inserted text> 
                }
l.143 \]
        
I've inserted something that you may have forgotten.
(See the <inserted text> above.)
With luck, this will get me unwedged. But if you
really didn't forget anything, try typing `2' now; then
my insertion and my current dilemma will both disappear.

! Missing } inserted.
<inserted text> 
                }
l.143 \]
        
I've inserted something that you may have forgotten.
(See the <inserted text> above.)
With luck, this will get me unwedged. But if you
really didn't forget anything, try typing `2' now; then
my insertion and my current dilemma will both disappear.

[2]

LaTeX Warning: Reference `lem:hot' on page 3 undefined on input line 145.

! Missing { inserted.
<to be read again> 
                   \begingroup 
l.145 ...lpha>1$, Lemma~\ref{lem:hot} gives $|H_δ
                                                  | = Θ(δ^{-1/(\alpha-1)})$.
A left brace was mandatory here, so I've put one in.
You might want to delete and/or insert some corrections
so that I will find a matching right brace soon.
(If you're confused by all this, try typing `I}' now.)


! LaTeX Error: Unicode character δ (U+03B4)
               not set up for use with LaTeX.

See the LaTeX manual or LaTeX Companion for explanation.
Type  H <return>  for immediate help.
 ...                                              
                                                  
l.145 ...lpha>1$, Lemma~\ref{lem:hot} gives $|H_δ
                                                  | = Θ(δ^{-1/(\alpha-1)})$.
You may provide a definition with
\DeclareUnicodeCharacter 


! LaTeX Error: Unicode character Θ (U+0398)
               not set up for use with LaTeX.

See the LaTeX manual or LaTeX Companion for explanation.
Type  H <return>  for immediate help.
 ...                                              
                                                  
l.145 ...$, Lemma~\ref{lem:hot} gives $|H_δ| = Θ
                                                  (δ^{-1/(\alpha-1)})$.
You may provide a definition with
\DeclareUnicodeCharacter 


! LaTeX Error: Unicode character δ (U+03B4)
               not set up for use with LaTeX.

See the LaTeX manual or LaTeX Companion for explanation.
Type  H <return>  for immediate help.
 ...                                              
                                                  
l.145 ...Lemma~\ref{lem:hot} gives $|H_δ| = Θ(δ
                                                  ^{-1/(\alpha-1)})$.
You may provide a definition with
\DeclareUnicodeCharacter 

! Missing } inserted.
<inserted text> 
                }
l.145 ...} gives $|H_δ| = Θ(δ^{-1/(\alpha-1)})$
                                                  .
I've inserted something that you may have forgotten.
(See the <inserted text> above.)
With luck, this will get me unwedged. But if you
really didn't forget anything, try typing `2' now; then
my insertion and my current dilemma will both disappear.


! LaTeX Error: Unicode character δ (U+03B4)
               not set up for use with LaTeX.

See the LaTeX manual or LaTeX Companion for explanation.
Type  H <return>  for immediate help.
 ...                                              
                                                  
l.146 Taking $δ
                $ as a small constant (e.g.\ $δ=0.1$) yields
You may provide a definition with
\DeclareUnicodeCharacter 


! LaTeX Error: Unicode character δ (U+03B4)
               not set up for use with LaTeX.

See the LaTeX manual or LaTeX Companion for explanation.
Type  H <return>  for immediate help.
 ...                                              
                                                  
l.146 Taking $δ$ as a small constant (e.g.\ $δ
                                                =0.1$) yields
You may provide a definition with
\DeclareUnicodeCharacter 


! LaTeX Error: Unicode character δ (U+03B4)
               not set up for use with LaTeX.

See the LaTeX manual or LaTeX Companion for explanation.
Type  H <return>  for immediate help.
 ...                                              
                                                  
l.148 ...mega\!\left(\frac{1}{\alpha-1}\log_b(1/δ
                                                  )\right).
You may provide a definition with
\DeclareUnicodeCharacter 

! Missing { inserted.
<to be read again> 
                   \begingroup 
l.151 For $\alpha\le1$, $|H_δ
                              | = Θ(n)$, so the bound becomes $\Omega(\log_...
A left brace was mandatory here, so I've put one in.
You might want to delete and/or insert some corrections
so that I will find a matching right brace soon.
(If you're confused by all this, try typing `I}' now.)


! LaTeX Error: Unicode character δ (U+03B4)
               not set up for use with LaTeX.

See the LaTeX manual or LaTeX Companion for explanation.
Type  H <return>  for immediate help.
 ...                                              
                                                  
l.151 For $\alpha\le1$, $|H_δ
                              | = Θ(n)$, so the bound becomes $\Omega(\log_...

You may provide a definition with
\DeclareUnicodeCharacter 


! LaTeX Error: Unicode character Θ (U+0398)
               not set up for use with LaTeX.

See the LaTeX manual or LaTeX Companion for explanation.
Type  H <return>  for immediate help.
 ...                                              
                                                  
l.151 For $\alpha\le1$, $|H_δ| = Θ
                                    (n)$, so the bound becomes $\Omega(\log_...

You may provide a definition with
\DeclareUnicodeCharacter 

! Missing } inserted.
<inserted text> 
                }
l.151 For $\alpha\le1$, $|H_δ| = Θ(n)$
                                        , so the bound becomes $\Omega(\log_...
I've inserted something that you may have forgotten.
(See the <inserted text> above.)
With luck, this will get me unwedged. But if you
really didn't forget anything, try typing `2' now; then
my insertion and my current dilemma will both disappear.


Package hyperref Warning: Token not allowed in a PDF string (Unicode):
(hyperref)                removing `math shift' on input line 154.


Package hyperref Warning: Token not allowed in a PDF string (Unicode):
(hyperref)                removing `\zeta' on input line 154.


Package hyperref Warning: Token not allowed in a PDF string (Unicode):
(hyperref)                removing `math shift' on input line 154.


! LaTeX Error: Unicode character Δ (U+0394)
               not set up for use with LaTeX.

See the LaTeX manual or LaTeX Companion for explanation.
Type  H <return>  for immediate help.
 ...                                              
                                                  
l.168         subranges: $[l, l+Δ
                                  )$, $[l+Δ, l+2Δ)$, \ldots, $[l+(b-1)Δ, ...

You may provide a definition with
\DeclareUnicodeCharacter 


! LaTeX Error: Unicode character Δ (U+0394)
               not set up for use with LaTeX.

See the LaTeX manual or LaTeX Companion for explanation.
Type  H <return>  for immediate help.
 ...                                              
                                                  
l.168         subranges: $[l, l+Δ)$, $[l+Δ
                                            , l+2Δ)$, \ldots, $[l+(b-1)Δ, ...

You may provide a definition with
\DeclareUnicodeCharacter 


! LaTeX Error: Unicode character Δ (U+0394)
               not set up for use with LaTeX.

See the LaTeX manual or LaTeX Companion for explanation.
Type  H <return>  for immediate help.
 ...                                              
                                                  
l.168 ...    subranges: $[l, l+Δ)$, $[l+Δ, l+2Δ
                                                  )$, \ldots, $[l+(b-1)Δ, r)$,

You may provide a definition with
\DeclareUnicodeCharacter 


! LaTeX Error: Unicode character Δ (U+0394)
               not set up for use with LaTeX.

See the LaTeX manual or LaTeX Companion for explanation.
Type  H <return>  for immediate help.
 ...                                              
                                                  
l.168 ...�)$, $[l+Δ, l+2Δ)$, \ldots, $[l+(b-1)Δ
                                                  , r)$,
You may provide a definition with
\DeclareUnicodeCharacter 


! LaTeX Error: Unicode character Δ (U+0394)
               not set up for use with LaTeX.

See the LaTeX manual or LaTeX Companion for explanation.
Type  H <return>  for immediate help.
 ...                                              
                                                  
l.169         where $Δ
                        = \lceil (r-l)/b \rceil$.
You may provide a definition with
\DeclareUnicodeCharacter 


! LaTeX Error: Command \end{equation*} invalid in math mode.

See the LaTeX manual or LaTeX Companion for explanation.
Type  H <return>  for immediate help.
 ...                                              
                                                  
l.184 \end{theorem}
                   
Try typing  <return>  to proceed.
If that doesn't work, type  X <return>  to quit.

! Missing $ inserted.
<inserted text> 
                $
l.184 \end{theorem}
                   
I've inserted a begin-math/end-math symbol since I think
you left one out. Proceed, with fingers crossed.

! Display math should end with $$.
<to be read again> 
                   \vskip 
l.184 \end{theorem}
                   
The `$' that I just saw supposedly matches a previous `$$'.
So I shall assume that you typed `$$' both times.


! LaTeX Error: \begin{equation*} on input line 181 ended by \end{theorem}.

See the LaTeX manual or LaTeX Companion for explanation.
Type  H <return>  for immediate help.
 ...                                              
                                                  
l.184 \end{theorem}
                   
Your command was ignored.
Type  I <command> <return>  to replace it with another command,
or  <return>  to continue without it.

! Missing { inserted.
<to be read again> 
                   \begingroup 
l.196 \E[D] = O\!\left(\log_b M_δ
                                  \right) = O\!\left(\frac{1}{\alpha-1}\log_...
A left brace was mandatory here, so I've put one in.
You might want to delete and/or insert some corrections
so that I will find a matching right brace soon.
(If you're confused by all this, try typing `I}' now.)


! LaTeX Error: Unicode character δ (U+03B4)
               not set up for use with LaTeX.

See the LaTeX manual or LaTeX Companion for explanation.
Type  H <return>  for immediate help.
 ...                                              
                                                  
l.196 \E[D] = O\!\left(\log_b M_δ
                                  \right) = O\!\left(\frac{1}{\alpha-1}\log_...

You may provide a definition with
\DeclareUnicodeCharacter 

! Missing } inserted.
<inserted text> 
                }
l.196 \E[D] = O\!\left(\log_b M_δ\right
                                        ) = O\!\left(\frac{1}{\alpha-1}\log_...
I've inserted something that you may have forgotten.
(See the <inserted text> above.)
With luck, this will get me unwedged. But if you
really didn't forget anything, try typing `2' now; then
my insertion and my current dilemma will both disappear.


! LaTeX Error: Unicode character δ (U+03B4)
               not set up for use with LaTeX.

See the LaTeX manual or LaTeX Companion for explanation.
Type  H <return>  for immediate help.
 ...                                              
                                                  
l.196 ... = O\!\left(\frac{1}{\alpha-1}\log_b(1/δ
                                                  )\right),
You may provide a definition with
\DeclareUnicodeCharacter 


LaTeX Warning: Reference `thm:lower' on page 3 undefined on input line 198.


LaTeX Warning: Reference `lem:hot' on page 3 undefined on input line 203.

! Missing { inserted.
<to be read again> 
                   \begingroup 
l.203 From Lemma~\ref{lem:hot}, $M_δ
                                      = Θ(δ^{-1/(\alpha-1)})$.  Keys with ...
A left brace was mandatory here, so I've put one in.
You might want to delete and/or insert some corrections
so that I will find a matching right brace soon.
(If you're confused by all this, try typing `I}' now.)


! LaTeX Error: Unicode character δ (U+03B4)
               not set up for use with LaTeX.

See the LaTeX manual or LaTeX Companion for explanation.
Type  H <return>  for immediate help.
 ...                                              
                                                  
l.203 From Lemma~\ref{lem:hot}, $M_δ
                                      = Θ(δ^{-1/(\alpha-1)})$.  Keys with ...

You may provide a definition with
\DeclareUnicodeCharacter 


! LaTeX Error: Unicode character Θ (U+0398)
               not set up for use with LaTeX.

See the LaTeX manual or LaTeX Companion for explanation.
Type  H <return>  for immediate help.
 ...                                              
                                                  
l.203 From Lemma~\ref{lem:hot}, $M_δ = Θ
                                          (δ^{-1/(\alpha-1)})$.  Keys with ...

You may provide a definition with
\DeclareUnicodeCharacter 


! LaTeX Error: Unicode character δ (U+03B4)
               not set up for use with LaTeX.

See the LaTeX manual or LaTeX Companion for explanation.
Type  H <return>  for immediate help.
 ...                                              
                                                  
l.203 From Lemma~\ref{lem:hot}, $M_δ = Θ(δ
                                             ^{-1/(\alpha-1)})$.  Keys with ...

You may provide a definition with
\DeclareUnicodeCharacter 

! Missing } inserted.
<inserted text> 
                }
l.203 ...lem:hot}, $M_δ = Θ(δ^{-1/(\alpha-1)})$
                                                  .  Keys with rank
I've inserted something that you may have forgotten.
(See the <inserted text> above.)
With luck, this will get me unwedged. But if you
really didn't forget anything, try typing `2' now; then
my insertion and my current dilemma will both disappear.

! Missing { inserted.
<to be read again> 
                   \begingroup 
l.204 $k < M_δ
               $ have depth at most $\log_b(n/M_δ) = \log_b M_δ + O(1)$.  ...
A left brace was mandatory here, so I've put one in.
You might want to delete and/or insert some corrections
so that I will find a matching right brace soon.
(If you're confused by all this, try typing `I}' now.)


! LaTeX Error: Unicode character δ (U+03B4)
               not set up for use with LaTeX.

See the LaTeX manual or LaTeX Companion for explanation.
Type  H <return>  for immediate help.
 ...                                              
                                                  
l.204 $k < M_δ
               $ have depth at most $\log_b(n/M_δ) = \log_b M_δ + O(1)$.  ...

You may provide a definition with
\DeclareUnicodeCharacter 

! Missing } inserted.
<inserted text> 
                }
l.204 $k < M_δ$
                 have depth at most $\log_b(n/M_δ) = \log_b M_δ + O(1)$.  ...
I've inserted something that you may have forgotten.
(See the <inserted text> above.)
With luck, this will get me unwedged. But if you
really didn't forget anything, try typing `2' now; then
my insertion and my current dilemma will both disappear.

! Missing { inserted.
<to be read again> 
                   \begingroup 
l.204 $k < M_δ$ have depth at most $\log_b(n/M_δ
                                                  ) = \log_b M_δ + O(1)$.  ...
A left brace was mandatory here, so I've put one in.
You might want to delete and/or insert some corrections
so that I will find a matching right brace soon.
(If you're confused by all this, try typing `I}' now.)


! LaTeX Error: Unicode character δ (U+03B4)
               not set up for use with LaTeX.

See the LaTeX manual or LaTeX Companion for explanation.
Type  H <return>  for immediate help.
 ...                                              
                                                  
l.204 $k < M_δ$ have depth at most $\log_b(n/M_δ
                                                  ) = \log_b M_δ + O(1)$.  ...

You may provide a definition with
\DeclareUnicodeCharacter 

! Missing { inserted.
<to be read again> 
                   \begingroup 
l.204 ...pth at most $\log_b(n/M_δ) = \log_b M_δ
                                                   + O(1)$.  Keys with
A left brace was mandatory here, so I've put one in.
You might want to delete and/or insert some corrections
so that I will find a matching right brace soon.
(If you're confused by all this, try typing `I}' now.)


! LaTeX Error: Unicode character δ (U+03B4)
               not set up for use with LaTeX.

See the LaTeX manual or LaTeX Companion for explanation.
Type  H <return>  for immediate help.
 ...                                              
                                                  
l.204 ...pth at most $\log_b(n/M_δ) = \log_b M_δ
                                                   + O(1)$.  Keys with
You may provide a definition with
\DeclareUnicodeCharacter 

! Missing } inserted.
<inserted text> 
                }
l.204 ...ost $\log_b(n/M_δ) = \log_b M_δ + O(1)$
                                                  .  Keys with
I've inserted something that you may have forgotten.
(See the <inserted text> above.)
With luck, this will get me unwedged. But if you
really didn't forget anything, try typing `2' now; then
my insertion and my current dilemma will both disappear.

! Missing } inserted.
<inserted text> 
                }
l.204 ...ost $\log_b(n/M_δ) = \log_b M_δ + O(1)$
                                                  .  Keys with
I've inserted something that you may have forgotten.
(See the <inserted text> above.)
With luck, this will get me unwedged. But if you
really didn't forget anything, try typing `2' now; then
my insertion and my current dilemma will both disappear.

! Missing { inserted.
<to be read again> 
                   \begingroup 
l.205 rank $k \ge M_δ
                      $ contribute at most $δ$ probability mass, and their ...
A left brace was mandatory here, so I've put one in.
You might want to delete and/or insert some corrections
so that I will find a matching right brace soon.
(If you're confused by all this, try typing `I}' now.)


! LaTeX Error: Unicode character δ (U+03B4)
               not set up for use with LaTeX.

See the LaTeX manual or LaTeX Companion for explanation.
Type  H <return>  for immediate help.
 ...                                              
                                                  
l.205 rank $k \ge M_δ
                      $ contribute at most $δ$ probability mass, and their ...

You may provide a definition with
\DeclareUnicodeCharacter 

! Missing } inserted.
<inserted text> 
                }
l.205 rank $k \ge M_δ$
                        contribute at most $δ$ probability mass, and their ...
I've inserted something that you may have forgotten.
(See the <inserted text> above.)
With luck, this will get me unwedged. But if you
really didn't forget anything, try typing `2' now; then
my insertion and my current dilemma will both disappear.


! LaTeX Error: Unicode character δ (U+03B4)
               not set up for use with LaTeX.

See the LaTeX manual or LaTeX Companion for explanation.
Type  H <return>  for immediate help.
 ...                                              
                                                  
l.205 rank $k \ge M_δ$ contribute at most $δ
                                              $ probability mass, and their ...

You may provide a definition with
\DeclareUnicodeCharacter 


Overfull \hbox (16.54233pt too wide) in paragraph at lines 203--207
[]\OT1/cmr/m/n/10.95 From Lemma [], $\OML/cmm/m/it/10.95 M[]$\OT1/cmr/m/n/10.95
 . Keys with rank $\OML/cmm/m/it/10.95 k < M[]$ \OT1/cmr/m/n/10.95 have depth a
t most $[][](\OML/cmm/m/it/10.95 n=M[]$\OT1/cmr/m/n/10.95 .
 []

[3]

! LaTeX Error: Unicode character δ (U+03B4)
               not set up for use with LaTeX.

See the LaTeX manual or LaTeX Companion for explanation.
Type  H <return>  for immediate help.
 ...                                              
                                                  
l.208 \E[D] \le (1-δ
                     )\log_b M_δ + δ\log_b n = O(\log_b M_δ),
You may provide a definition with
\DeclareUnicodeCharacter 

! Missing { inserted.
<to be read again> 
                   \begingroup 
l.208 \E[D] \le (1-δ)\log_b M_δ
                                  + δ\log_b n = O(\log_b M_δ),
A left brace was mandatory here, so I've put one in.
You might want to delete and/or insert some corrections
so that I will find a matching right brace soon.
(If you're confused by all this, try typing `I}' now.)


! LaTeX Error: Unicode character δ (U+03B4)
               not set up for use with LaTeX.

See the LaTeX manual or LaTeX Companion for explanation.
Type  H <return>  for immediate help.
 ...                                              
                                                  
l.208 \E[D] \le (1-δ)\log_b M_δ
                                  + δ\log_b n = O(\log_b M_δ),
You may provide a definition with
\DeclareUnicodeCharacter 


! LaTeX Error: Unicode character δ (U+03B4)
               not set up for use with LaTeX.

See the LaTeX manual or LaTeX Companion for explanation.
Type  H <return>  for immediate help.
 ...                                              
                                                  
l.208 \E[D] \le (1-δ)\log_b M_δ + δ
                                      \log_b n = O(\log_b M_δ),
You may provide a definition with
\DeclareUnicodeCharacter 

! Missing { inserted.
<to be read again> 
                   \begingroup 
l.208 ...)\log_b M_δ + δ\log_b n = O(\log_b M_δ
                                                  ),
A left brace was mandatory here, so I've put one in.
You might want to delete and/or insert some corrections
so that I will find a matching right brace soon.
(If you're confused by all this, try typing `I}' now.)


! LaTeX Error: Unicode character δ (U+03B4)
               not set up for use with LaTeX.

See the LaTeX manual or LaTeX Companion for explanation.
Type  H <return>  for immediate help.
 ...                                              
                                                  
l.208 ...)\log_b M_δ + δ\log_b n = O(\log_b M_δ
                                                  ),
You may provide a definition with
\DeclareUnicodeCharacter 

! Missing } inserted.
<inserted text> 
                }
l.209 \]
        
I've inserted something that you may have forgotten.
(See the <inserted text> above.)
With luck, this will get me unwedged. But if you
really didn't forget anything, try typing `2' now; then
my insertion and my current dilemma will both disappear.

! Missing } inserted.
<inserted text> 
                }
l.209 \]
        
I've inserted something that you may have forgotten.
(See the <inserted text> above.)
With luck, this will get me unwedged. But if you
really didn't forget anything, try typing `2' now; then
my insertion and my current dilemma will both disappear.

! Missing { inserted.
<to be read again> 
                   \begingroup 
l.210 where we used that $\log_b n / \log_b M_δ
                                                 = O(1)$ for fixed $α>1$.
A left brace was mandatory here, so I've put one in.
You might want to delete and/or insert some corrections
so that I will find a matching right brace soon.
(If you're confused by all this, try typing `I}' now.)


! LaTeX Error: Unicode character δ (U+03B4)
               not set up for use with LaTeX.

See the LaTeX manual or LaTeX Companion for explanation.
Type  H <return>  for immediate help.
 ...                                              
                                                  
l.210 where we used that $\log_b n / \log_b M_δ
                                                 = O(1)$ for fixed $α>1$.
You may provide a definition with
\DeclareUnicodeCharacter 

! Missing } inserted.
<inserted text> 
                }
l.210 ...used that $\log_b n / \log_b M_δ = O(1)$
                                                   for fixed $α>1$.
I've inserted something that you may have forgotten.
(See the <inserted text> above.)
With luck, this will get me unwedged. But if you
really didn't forget anything, try typing `2' now; then
my insertion and my current dilemma will both disappear.


! LaTeX Error: Unicode character α (U+03B1)
               not set up for use with LaTeX.

See the LaTeX manual or LaTeX Companion for explanation.
Type  H <return>  for immediate help.
 ...                                              
                                                  
l.210 ...g_b n / \log_b M_δ = O(1)$ for fixed $α
                                                  >1$.
You may provide a definition with
\DeclareUnicodeCharacter 

! Missing { inserted.
<to be read again> 
                   \begingroup 
l.230 ...$\zeta$-Trie gives $\E[D] = O(\log_b M_δ
                                                  )$ with
A left brace was mandatory here, so I've put one in.
You might want to delete and/or insert some corrections
so that I will find a matching right brace soon.
(If you're confused by all this, try typing `I}' now.)


! LaTeX Error: Unicode character δ (U+03B4)
               not set up for use with LaTeX.

See the LaTeX manual or LaTeX Companion for explanation.
Type  H <return>  for immediate help.
 ...                                              
                                                  
l.230 ...$\zeta$-Trie gives $\E[D] = O(\log_b M_δ
                                                  )$ with
You may provide a definition with
\DeclareUnicodeCharacter 

! Missing } inserted.
<inserted text> 
                }
l.230 ...zeta$-Trie gives $\E[D] = O(\log_b M_δ)$
                                                   with
I've inserted something that you may have forgotten.
(See the <inserted text> above.)
With luck, this will get me unwedged. But if you
really didn't forget anything, try typing `2' now; then
my insertion and my current dilemma will both disappear.

! Missing { inserted.
<to be read again> 
                   \begingroup 
l.231 $M_δ
            = Θ(δ^{-1/(\alpha-1)})$, which is $o(\log_b n)$ for any fixed ...
A left brace was mandatory here, so I've put one in.
You might want to delete and/or insert some corrections
so that I will find a matching right brace soon.
(If you're confused by all this, try typing `I}' now.)


! LaTeX Error: Unicode character δ (U+03B4)
               not set up for use with LaTeX.

See the LaTeX manual or LaTeX Companion for explanation.
Type  H <return>  for immediate help.
 ...                                              
                                                  
l.231 $M_δ
            = Θ(δ^{-1/(\alpha-1)})$, which is $o(\log_b n)$ for any fixed ...

You may provide a definition with
\DeclareUnicodeCharacter 


! LaTeX Error: Unicode character Θ (U+0398)
               not set up for use with LaTeX.

See the LaTeX manual or LaTeX Companion for explanation.
Type  H <return>  for immediate help.
 ...                                              
                                                  
l.231 $M_δ = Θ
                (δ^{-1/(\alpha-1)})$, which is $o(\log_b n)$ for any fixed ...

You may provide a definition with
\DeclareUnicodeCharacter 


! LaTeX Error: Unicode character δ (U+03B4)
               not set up for use with LaTeX.

See the LaTeX manual or LaTeX Companion for explanation.
Type  H <return>  for immediate help.
 ...                                              
                                                  
l.231 $M_δ = Θ(δ
                   ^{-1/(\alpha-1)})$, which is $o(\log_b n)$ for any fixed ...

You may provide a definition with
\DeclareUnicodeCharacter 

! Missing } inserted.
<inserted text> 
                }
l.231 $M_δ = Θ(δ^{-1/(\alpha-1)})$
                                     , which is $o(\log_b n)$ for any fixed ...
I've inserted something that you may have forgotten.
(See the <inserted text> above.)
With luck, this will get me unwedged. But if you
really didn't forget anything, try typing `2' now; then
my insertion and my current dilemma will both disappear.


! LaTeX Error: Unicode character α (U+03B1)
               not set up for use with LaTeX.

See the LaTeX manual or LaTeX Companion for explanation.
Type  H <return>  for immediate help.
 ...                                              
                                                  
l.231 ... which is $o(\log_b n)$ for any fixed $α
                                                  >1$.
You may provide a definition with
\DeclareUnicodeCharacter 


Package hyperref Warning: Token not allowed in a PDF string (Unicode):
(hyperref)                removing `math shift' on input line 239.


Package hyperref Warning: Token not allowed in a PDF string (Unicode):
(hyperref)                removing `\mathop' on input line 239.


Package hyperref Warning: Token not allowed in a PDF string (Unicode):
(hyperref)                removing `\mathcode' on input line 239.


Package hyperref Warning: Token not allowed in a PDF string (Unicode):
(hyperref)                removing `\mathcode' on input line 239.


Package hyperref Warning: Token not allowed in a PDF string (Unicode):
(hyperref)                removing `\mathcode' on input line 239.


Package hyperref Warning: Token not allowed in a PDF string (Unicode):
(hyperref)                removing `\mathchardef' on input line 239.


Package hyperref Warning: Token not allowed in a PDF string (Unicode):
(hyperref)                removing `\std@minus' on input line 239.


Package hyperref Warning: Token not allowed in a PDF string (Unicode):
(hyperref)                removing `\mathcode' on input line 239.


Package hyperref Warning: Token not allowed in a PDF string (Unicode):
(hyperref)                removing `\mathcode' on input line 239.


Package hyperref Warning: Token not allowed in a PDF string (Unicode):
(hyperref)                removing `\mathcode' on input line 239.


Package hyperref Warning: Token not allowed in a PDF string (Unicode):
(hyperref)                removing `\mathcode' on input line 239.


Package hyperref Warning: Token not allowed in a PDF string (Unicode):
(hyperref)                removing `\leavevmode@ifvmode' on input line 239.


Package hyperref Warning: Token not allowed in a PDF string (Unicode):
(hyperref)                \kern 2.48712pt
(hyperref)                removed on input line 239.


Package hyperref Warning: Token not allowed in a PDF string (Unicode):
(hyperref)                removing `\mathgroup' on input line 239.


Package hyperref Warning: Token not allowed in a PDF string (Unicode):
(hyperref)                removing `\symoperators' on input line 239.


Package hyperref Warning: Token not allowed in a PDF string (Unicode):
(hyperref)                removing `\zeta' on input line 239.


Package hyperref Warning: Token not allowed in a PDF string (Unicode):
(hyperref)                removing `\@ifnextchar' on input line 239.


Package hyperref Warning: Token not allowed in a PDF string (Unicode):
(hyperref)                removing `\alpha' on input line 239.


Package hyperref Warning: Token not allowed in a PDF string (Unicode):
(hyperref)                removing `math shift' on input line 239.


LaTeX Warning: Citation `sleator85' on page 4 undefined on input line 249.

! Missing { inserted.
<to be read again> 
                   \begingroup 
l.252 ...g-set bound is equivalent to $O(\log M_δ
                                                  )$, consistent with our
A left brace was mandatory here, so I've put one in.
You might want to delete and/or insert some corrections
so that I will find a matching right brace soon.
(If you're confused by all this, try typing `I}' now.)


! LaTeX Error: Unicode character δ (U+03B4)
               not set up for use with LaTeX.

See the LaTeX manual or LaTeX Companion for explanation.
Type  H <return>  for immediate help.
 ...                                              
                                                  
l.252 ...g-set bound is equivalent to $O(\log M_δ
                                                  )$, consistent with our
You may provide a definition with
\DeclareUnicodeCharacter 

! Missing } inserted.
<inserted text> 
                }
l.252 ...set bound is equivalent to $O(\log M_δ)$
                                                  , consistent with our
I've inserted something that you may have forgotten.
(See the <inserted text> above.)
With luck, this will get me unwedged. But if you
really didn't forget anything, try typing `2' now; then
my insertion and my current dilemma will both disappear.

[4]

! LaTeX Error: \begin{theorem} on input line 174 ended by \end{document}.

See the LaTeX manual or LaTeX Companion for explanation.
Type  H <return>  for immediate help.
 ...                                              
                                                  
l.284 \end{document}
                    
Your command was ignored.
Type  I <command> <return>  to replace it with another command,
or  <return>  to continue without it.

[5] (swpl_proof.aux)
 ***********
LaTeX2e <2026-06-01>
L3 programming layer <2026-08-10>
 ***********


LaTeX Warning: There were undefined references.


LaTeX Warning: Label(s) may have changed. Rerun to get cross-references right.


Package rerunfilecheck Warning: File `swpl_proof.out' has changed.
(rerunfilecheck)                Rerun to get outlines right
(rerunfilecheck)                or use package `bookmark'.

Package rerunfilecheck Info: Checksums for `swpl_proof.out':
(rerunfilecheck)             Before: <no file>
(rerunfilecheck)             After:  281DE49D8D3382546A78DBAEB73B3CE0;1984.
 )
(\end occurred inside a group at level 1)

### semi simple group (level 1) entered at line 174 (\begingroup)
### bottom level 
Here is how much of TeX's memory you used:
 9080 strings out of 467441
 138084 string characters out of 5417701
 559544 words of memory out of 5000000
 38278 multiletter control sequences out of 15000+600000
 640244 words of font info for 88 fonts, out of 8000000 for 9000
 1141 hyphenation exceptions out of 8191
 74i,7n,79p,549b,699s stack positions out of 10000i,1000n,20000p,200000b,200000s
 <C:\Users\china\AppData\Local\MiKTeX\fonts/pk/ljfour/jknappen/
ec/dpi600\tcrm1095.pk><C:/Program Files/MiKTeX/fonts/type1/public/amsfonts/cm/c
mbx10.pfb><C:/Program Files/MiKTeX/fonts/type1/public/amsfonts/cm/cmbx12.pfb><C
:/Program Files/MiKTeX/fonts/type1/public/amsfonts/cm/cmex10.pfb><C:/Program Fi
les/MiKTeX/fonts/type1/public/amsfonts/cm/cmmi10.pfb><C:/Program Files/MiKTeX/f
onts/type1/public/amsfonts/cm/cmmi12.pfb><C:/Program Files/MiKTeX/fonts/type1/p
ublic/amsfonts/cm/cmmi6.pfb><C:/Program Files/MiKTeX/fonts/type1/public/amsfont
s/cm/cmmi7.pfb><C:/Program Files/MiKTeX/fonts/type1/public/amsfonts/cm/cmmi8.pf
b><C:/Program Files/MiKTeX/fonts/type1/public/amsfonts/cm/cmr10.pfb><C:/Program
 Files/MiKTeX/fonts/type1/public/amsfonts/cm/cmr12.pfb><C:/Program Files/MiKTeX
/fonts/type1/public/amsfonts/cm/cmr17.pfb><C:/Program Files/MiKTeX/fonts/type1/
public/amsfonts/cm/cmr6.pfb><C:/Program Files/MiKTeX/fonts/type1/public/amsfont
s/cm/cmr8.pfb><C:/Program Files/MiKTeX/fonts/type1/public/amsfonts/cm/cmsy10.pf
b><C:/Program Files/MiKTeX/fonts/type1/public/amsfonts/cm/cmsy6.pfb><C:/Program
 Files/MiKTeX/fonts/type1/public/amsfonts/cm/cmsy8.pfb><C:/Program Files/MiKTeX
/fonts/type1/public/amsfonts/cm/cmti10.pfb><C:/Program Files/MiKTeX/fonts/type1
/public/amsfonts/cm/cmtt12.pfb><C:/Program Files/MiKTeX/fonts/type1/public/amsf
onts/symbols/msbm10.pfb>
Output written on swpl_proof.pdf (5 pages, 252427 bytes).
PDF statistics:
 160 PDF objects out of 1000 (max. 8388607)
 33 named destinations out of 1000 (max. 500000)
 1 words of extra memory for PDF output out of 10000 (max. 10000000)

